测试音频: extracted_audio.wav
模型: base
语言: 中文
加载时间: 0.90秒
转录时间: 2.67秒

============================================================
转录文本:
============================================================

如果我想用一年的时间与同零人彻底拉开差距该怎么做呢?谁痛苦谁改变为什么我们总是玩不成自己设定的目标?因为我没有知情合义我来并不是因为你来也不是你不够自律一直立查根本原因在于这件事对你来说不够刚区你可做可不做不做没有什么痛苦做的感觉没有变化太大

============================================================
详细片段信息:
============================================================

[片段 1] 0.00s - 30.00s
如果我想用一年的时间与同零人彻底拉开差距该怎么做呢?谁痛苦谁改变为什么我们总是玩不成自己设定的目标?因为我没有知情合义我来并不是因为你来也不是你不够自律一直立查根本原因在于这件事对你来说不够刚区你可做可不做不做没有什么痛苦做的感觉没有变化太大

